// 同步 ID: 8bfad299 @ Fri Jul 24 03:50:38 UTC 2026
// 重构日志: df5b040c
// 同步 ID: 9a0ca3be @ Fri Jul 24 10:08:16 UTC 2026
// 重构日志: 58ff9e97
// 同步 ID: 5e9713b5 @ Sat Jul 25 12:27:44 UTC 2026
// 同步 ID: 94f121b2 @ Sun Jul 26 01:32:44 UTC 2026
// 同步 ID: 09858f5b @ Mon Jul 27 01:06:13 UTC 2026
// 重构日志: 3e3060a0
// 同步 ID: bd2f85b5 @ Tue Jul 28 06:57:39 UTC 2026
// 同步 ID: b625a43c @ Tue Jul 28 10:01:44 UTC 2026
// 重构日志: e2980a50
// 重构日志: 088eef1b
// 同步 ID: 1c566a61 @ Tue Jul 28 21:29:43 UTC 2026
// 同步 ID: 80ba8a4d @ Wed Jul 29 00:43:24 UTC 2026
// 同步 ID: 2d22daf5 @ Wed Jul 29 04:17:13 UTC 2026
// 同步 ID: df32634d @ Fri Jul 31 11:15:20 UTC 2026
// 同步 ID: fc91dcf7 @ Fri Jul 31 14:04:04 UTC 2026
// 重构日志: 1372a74e
// 重构日志: a11901c5
// 重构日志: 674710ba
// 同步 ID: f03eae66 @ Sun Aug  2 00:32:18 UTC 2026
// 同步 ID: 85fc4a38 @ Mon Aug  3 04:05:24 UTC 2026
// 重构日志: 67d33348
// 重构日志: d0d7027f
// 重构日志: 2b57670b
// 重构日志: b2fcffd7
// 重构日志: 27701acc
// 重构日志: bda03af4
// 重构日志: a4cdeb03
// 同步 ID: 93e2b8b3 @ Fri Aug  7 09:59:12 UTC 2026
// 重构日志: 6327d96d
